To honour the JVM settings for this build a single-use Daemon process will be forked. For more on this, please refer to https://docs.gradle.org/8.9/userguide/gradle_daemon.html#sec:disabling_the_daemon in the Gradle documentation.
Daemon will be stopped at the end of the build
Reusing configuration cache.
> Task :app:checkKotlinGradlePluginConfigurationErrors SKIPPED
> Task :app:preBuild UP-TO-DATE
> Task :app:preDebugBuild UP-TO-DATE
> Task :app:generateDebugBuildConfig UP-TO-DATE
> Task :app:generateDebugResValues UP-TO-DATE
> Task :app:checkDebugAarMetadata UP-TO-DATE
> Task :app:mapDebugSourceSetPaths UP-TO-DATE
> Task :app:createDebugCompatibleScreenManifests UP-TO-DATE
> Task :app:generateDebugResources UP-TO-DATE
> Task :app:extractDeepLinksDebug UP-TO-DATE
> Task :app:packageDebugResources UP-TO-DATE
> Task :app:parseDebugLocalResources UP-TO-DATE
> Task :app:mergeDebugResources UP-TO-DATE
> Task :app:processDebugMainManifest UP-TO-DATE
> Task :app:processDebugManifest UP-TO-DATE
> Task :app:processDebugManifestForPackage UP-TO-DATE
> Task :app:processDebugResources UP-TO-DATE
> Task :app:kspDebugKotlin
e: file:///home/jules/.gradle/caches/modules-2/files-2.1/io.modelcontextprotocol/kotlin-sdk-client-jvm/0.9.0/fac7835288af471d9e5fdb055454ba509908bb8/kotlin-sdk-client-jvm-0.9.0.jar!/META-INF/kotlin-sdk-client.kotlin_module Module was compiled with an incompatible version of Kotlin. The binary version of its metadata is 2.2.0, expected version is 2.0.0.
e: file:///home/jules/.gradle/caches/modules-2/files-2.1/io.modelcontextprotocol/kotlin-sdk-core-jvm/0.9.0/cb42d9a72e566c1e448a16d5d0d8942cd44bba55/kotlin-sdk-core-jvm-0.9.0.jar!/META-INF/kotlin-sdk-core.kotlin_module Module was compiled with an incompatible version of Kotlin. The binary version of its metadata is 2.2.0, expected version is 2.0.0.
e: file:///home/jules/.gradle/caches/modules-2/files-2.1/io.modelcontextprotocol/kotlin-sdk-jvm/0.9.0/2ceadf554e214e5356343b651fd8a412493b6d7b/kotlin-sdk-jvm-0.9.0.jar!/META-INF/kotlin-sdk.kotlin_module Module was compiled with an incompatible version of Kotlin. The binary version of its metadata is 2.2.0, expected version is 2.0.0.
e: file:///home/jules/.gradle/caches/modules-2/files-2.1/io.modelcontextprotocol/kotlin-sdk-server-jvm/0.9.0/e5a0ffbd58a3646d19ed710796378a6ae86fc472/kotlin-sdk-server-jvm-0.9.0.jar!/META-INF/kotlin-sdk-server.kotlin_module Module was compiled with an incompatible version of Kotlin. The binary version of its metadata is 2.2.0, expected version is 2.0.0.
e: file:///home/jules/.gradle/caches/modules-2/files-2.1/org.jetbrains.kotlin/kotlin-stdlib/2.2.21/fa374a986e128314c3db00a20aae55f72a258511/kotlin-stdlib-2.2.21.jar!/META-INF/kotlin-stdlib-jdk7.kotlin_module Module was compiled with an incompatible version of Kotlin. The binary version of its metadata is 2.2.0, expected version is 2.0.0.
e: file:///home/jules/.gradle/caches/modules-2/files-2.1/org.jetbrains.kotlin/kotlin-stdlib/2.2.21/fa374a986e128314c3db00a20aae55f72a258511/kotlin-stdlib-2.2.21.jar!/META-INF/kotlin-stdlib-jdk8.kotlin_module Module was compiled with an incompatible version of Kotlin. The binary version of its metadata is 2.2.0, expected version is 2.0.0.
e: file:///home/jules/.gradle/caches/modules-2/files-2.1/org.jetbrains.kotlin/kotlin-stdlib/2.2.21/fa374a986e128314c3db00a20aae55f72a258511/kotlin-stdlib-2.2.21.jar!/META-INF/kotlin-stdlib.kotlin_module Module was compiled with an incompatible version of Kotlin. The binary version of its metadata is 2.2.0, expected version is 2.0.0.
e: file:///home/jules/.gradle/caches/modules-2/files-2.1/org.jetbrains.kotlinx/kotlinx-io-bytestring-jvm/0.8.2/89c5399596250e71f2bba6d2415972a078a525c7/kotlinx-io-bytestring-jvm-0.8.2.jar!/META-INF/kotlinx-io-bytestring.kotlin_module Module was compiled with an incompatible version of Kotlin. The binary version of its metadata is 2.2.0, expected version is 2.0.0.
e: file:///home/jules/.gradle/caches/modules-2/files-2.1/org.jetbrains.kotlinx/kotlinx-io-core-jvm/0.8.2/358a9f2ba2dc81c5dc84c3d1853f6e5efba63be1/kotlinx-io-core-jvm-0.8.2.jar!/META-INF/kotlinx-io-core.kotlin_module Module was compiled with an incompatible version of Kotlin. The binary version of its metadata is 2.2.0, expected version is 2.0.0.
e: file:///home/jules/.gradle/caches/modules-2/files-2.1/org.jetbrains.kotlinx/kotlinx-serialization-core-jvm/1.9.0/91448df39c558f7c6147b8bd8db01debe16e0cc1/kotlinx-serialization-core-jvm-1.9.0.jar!/META-INF/kotlinx-serialization-core.kotlin_module Module was compiled with an incompatible version of Kotlin. The binary version of its metadata is 2.2.0, expected version is 2.0.0.
e: file:///home/jules/.gradle/caches/modules-2/files-2.1/org.jetbrains.kotlinx/kotlinx-serialization-json-jvm/1.9.0/aea6f7d49fe5c458f8963ee6d4bdaf4a459ab3e7/kotlinx-serialization-json-jvm-1.9.0.jar!/META-INF/kotlinx-serialization-json.kotlin_module Module was compiled with an incompatible version of Kotlin. The binary version of its metadata is 2.2.0, expected version is 2.0.0.

> Task :app:kspDebugKotlin FAILED

FAILURE: Build failed with an exception.

* What went wrong:
Execution failed for task ':app:kspDebugKotlin'.
> A failure occurred while executing org.jetbrains.kotlin.compilerRunner.GradleCompilerRunnerWithWorkers$GradleKotlinCompilerWorkAction
   > Compilation error. See log for more details

* Try:
> Run with --stacktrace option to get the stack trace.
> Run with --info or --debug option to get more log output.
> Run with --scan to get full insights.
> Get more help at https://help.gradle.org.

BUILD FAILED in 45s
15 actionable tasks: 1 executed, 14 up-to-date
Configuration cache entry reused.
